[Mon 05/25/2026 11:09:09.54] launching python runner 
[2026-05-25T07:39:13.975093+00:00] bot_start | {'tf': 'H4', 'dry_run': True, 'once': False, 'portfolio_csv': 'C:\\Users\\Administrator\\Desktop\\tob\\ema-h1trend\\notebooks\\data\\stat_arb\\portfolio_selected_H4.csv', 'risk_per_leg_pct': 0.1, 'max_open_pairs': 4, 'entry_z': 2.0, 'exit_z': 0.5, 'stop_z': 4.0, 'adf_gate_p': 0.1, 'train_months': 12, 'z_window_bars': 200, 'requested_pairs': None}
[2026-05-25T07:39:14.019704+00:00] portfolio_load_failed | {'error_type': 'FileNotFoundError', 'error_msg': "[Errno 2] No such file or directory: 'C:\\\\Users\\\\Administrator\\\\Desktop\\\\tob\\\\ema-h1trend\\\\notebooks\\\\data\\\\stat_arb\\\\portfolio_selected_H4.csv'"}
[Mon 05/25/2026 11:09:14.57] python exited with code 2 
[Mon 05/25/2026 11:09:14.59] sleeping 60s before restart 
[Mon 05/25/2026 11:10:14.11] launching python runner 
[2026-05-25T07:40:18.387247+00:00] bot_start | {'tf': 'H4', 'dry_run': True, 'once': False, 'portfolio_csv': 'C:\\Users\\Administrator\\Desktop\\tob\\ema-h1trend\\notebooks\\data\\stat_arb\\portfolio_selected_H4.csv', 'risk_per_leg_pct': 0.1, 'max_open_pairs': 4, 'entry_z': 2.0, 'exit_z': 0.5, 'stop_z': 4.0, 'adf_gate_p': 0.1, 'train_months': 12, 'z_window_bars': 200, 'requested_pairs': None}
[2026-05-25T07:40:18.397225+00:00] portfolio_load_failed | {'error_type': 'FileNotFoundError', 'error_msg': "[Errno 2] No such file or directory: 'C:\\\\Users\\\\Administrator\\\\Desktop\\\\tob\\\\ema-h1trend\\\\notebooks\\\\data\\\\stat_arb\\\\portfolio_selected_H4.csv'"}
[Mon 05/25/2026 11:10:18.87] python exited with code 2 
[Mon 05/25/2026 11:10:18.88] sleeping 60s before restart 
[Mon 05/25/2026 11:11:18.18] launching python runner 
[2026-05-25T07:41:22.275136+00:00] bot_start | {'tf': 'H4', 'dry_run': True, 'once': False, 'portfolio_csv': 'C:\\Users\\Administrator\\Desktop\\tob\\ema-h1trend\\notebooks\\data\\stat_arb\\portfolio_selected_H4.csv', 'risk_per_leg_pct': 0.1, 'max_open_pairs': 4, 'entry_z': 2.0, 'exit_z': 0.5, 'stop_z': 4.0, 'adf_gate_p': 0.1, 'train_months': 12, 'z_window_bars': 200, 'requested_pairs': None}
[2026-05-25T07:41:22.287566+00:00] portfolio_load_failed | {'error_type': 'FileNotFoundError', 'error_msg': "[Errno 2] No such file or directory: 'C:\\\\Users\\\\Administrator\\\\Desktop\\\\tob\\\\ema-h1trend\\\\notebooks\\\\data\\\\stat_arb\\\\portfolio_selected_H4.csv'"}
[Mon 05/25/2026 11:11:22.62] python exited with code 2 
[Mon 05/25/2026 11:11:22.63] sleeping 60s before restart 
[Mon 05/25/2026 11:12:22.18] launching python runner 
[2026-05-25T07:42:26.357424+00:00] bot_start | {'tf': 'H4', 'dry_run': True, 'once': False, 'portfolio_csv': 'C:\\Users\\Administrator\\Desktop\\tob\\ema-h1trend\\notebooks\\data\\stat_arb\\portfolio_selected_H4.csv', 'risk_per_leg_pct': 0.1, 'max_open_pairs': 4, 'entry_z': 2.0, 'exit_z': 0.5, 'stop_z': 4.0, 'adf_gate_p': 0.1, 'train_months': 12, 'z_window_bars': 200, 'requested_pairs': None}
[2026-05-25T07:42:26.367132+00:00] portfolio_load_failed | {'error_type': 'FileNotFoundError', 'error_msg': "[Errno 2] No such file or directory: 'C:\\\\Users\\\\Administrator\\\\Desktop\\\\tob\\\\ema-h1trend\\\\notebooks\\\\data\\\\stat_arb\\\\portfolio_selected_H4.csv'"}
[Mon 05/25/2026 11:12:26.75] python exited with code 2 
[Mon 05/25/2026 11:12:26.77] sleeping 60s before restart 
[Mon 05/25/2026 11:13:26.21] launching python runner 
[2026-05-25T07:43:30.484934+00:00] bot_start | {'tf': 'H4', 'dry_run': True, 'once': False, 'portfolio_csv': 'C:\\Users\\Administrator\\Desktop\\tob\\ema-h1trend\\notebooks\\data\\stat_arb\\portfolio_selected_H4.csv', 'risk_per_leg_pct': 0.1, 'max_open_pairs': 4, 'entry_z': 2.0, 'exit_z': 0.5, 'stop_z': 4.0, 'adf_gate_p': 0.1, 'train_months': 12, 'z_window_bars': 200, 'requested_pairs': None}
[2026-05-25T07:43:30.497018+00:00] portfolio_load_failed | {'error_type': 'FileNotFoundError', 'error_msg': "[Errno 2] No such file or directory: 'C:\\\\Users\\\\Administrator\\\\Desktop\\\\tob\\\\ema-h1trend\\\\notebooks\\\\data\\\\stat_arb\\\\portfolio_selected_H4.csv'"}
[Mon 05/25/2026 11:13:30.90] python exited with code 2 
[Mon 05/25/2026 11:13:30.93] sleeping 60s before restart 
[Mon 05/25/2026 11:14:30.21] launching python runner 
[2026-05-25T07:44:35.219907+00:00] bot_start | {'tf': 'H4', 'dry_run': True, 'once': False, 'portfolio_csv': 'C:\\Users\\Administrator\\Desktop\\tob\\ema-h1trend\\notebooks\\data\\stat_arb\\portfolio_selected_H4.csv', 'risk_per_leg_pct': 0.1, 'max_open_pairs': 4, 'entry_z': 2.0, 'exit_z': 0.5, 'stop_z': 4.0, 'adf_gate_p': 0.1, 'train_months': 12, 'z_window_bars': 200, 'requested_pairs': None}
[2026-05-25T07:44:35.286266+00:00] portfolio_loaded | {'n_spreads': 4, 'pair_keys': ['EURCHF~GBPJPY', 'NZDCAD~EURUSD', 'GBPCHF~EURNZD', 'NZDCAD~GBPUSD'], 'magics': {'EURCHF~GBPJPY': 28000000, 'GBPCHF~EURNZD': 28000001, 'NZDCAD~EURUSD': 28000002, 'NZDCAD~GBPUSD': 28000003}}
[2026-05-25T07:44:35.758053+00:00] account_info | {'login': 13399867, 'server': 'ErranteSC-Demo', 'currency': 'USD', 'balance': 961.66, 'equity': 961.66, 'margin': 0.0, 'free_margin': 961.66}
[2026-05-25T07:44:35.824801+00:00] telegram_disabled | {'reason': 'env_not_set'}
[2026-05-25T07:44:35.825789+00:00] cycle_start | {'cycle_id': '2026-05-25T07:44:35+00:00', 'tf': 'H4', 'n_pairs': 4, 'dry_run': True}
[2026-05-25T07:44:35.827542+00:00] mt5_connected | {'state': 'healthy', 'connected': True, 'trade_allowed': True, 'ping_ms': 16999, 'recovered_after_failures': 0}
[2026-05-25T07:44:35.828782+00:00] panel_fetch_mt5_failed_falling_back_csv | {'error': "copy_rates_from_pos(EURCHF, H4, 0, 1763) returned None: (-1, 'Terminal: Call failed')", 'symbols': ['EURCHF', 'EURNZD', 'EURUSD', 'GBPCHF', 'GBPJPY', 'GBPUSD', 'NZDCAD'], 'n_bars': 1762}
[2026-05-25T07:44:42.751820+00:00] panel_ready | {'cycle_id': '2026-05-25T07:44:35+00:00', 'rows': 1762, 'range_start': '2025-04-09T16:00:00+03:00', 'range_end': '2026-05-22T20:00:00+03:00', 'source': 'csv'}
[2026-05-25T07:44:42.921609+00:00] spread_evaluated | {'pair_key': 'EURCHF~GBPJPY', 'bar_close': '2026-05-22T20:00:00+03:00', 'beta': -0.21521631799891805, 'alpha': 1.0697617322211388, 'adf_p': 0.017282139354255568, 'spread_now': -0.008627813547364527, 'z_now': -1.8298160870640494, 'side_now': 'flat', 'bars_in_position': 0, 'action': 'hold', 'reason': 'z=-1.830 inside ±2.0 → no entry', 'time_stop_bars': 320}
[2026-05-25T07:44:43.084047+00:00] spread_evaluated | {'pair_key': 'NZDCAD~EURUSD', 'bar_close': '2026-05-22T20:00:00+03:00', 'beta': -0.11221738591650228, 'alpha': -0.19261080203028128, 'adf_p': 0.012245562543209392, 'spread_now': -0.003601310907794031, 'z_now': 0.12652172935464093, 'side_now': 'flat', 'bars_in_position': 0, 'action': 'hold', 'reason': 'z=+0.127 inside ±2.0 → no entry', 'time_stop_bars': 320}
[2026-05-25T07:44:43.240695+00:00] spread_evaluated | {'pair_key': 'GBPCHF~EURNZD', 'bar_close': '2026-05-22T20:00:00+03:00', 'beta': -0.5380881106598795, 'alpha': 0.437563328926987, 'adf_p': 0.03254814281840558, 'spread_now': -0.01604779077415147, 'z_now': -1.0591319795266074, 'side_now': 'flat', 'bars_in_position': 0, 'action': 'hold', 'reason': 'z=-1.059 inside ±2.0 → no entry', 'time_stop_bars': 320}
[2026-05-25T07:44:43.392724+00:00] spread_evaluated | {'pair_key': 'NZDCAD~GBPUSD', 'bar_close': '2026-05-22T20:00:00+03:00', 'beta': 0.7328098623198117, 'alpha': -0.42504109944068347, 'adf_p': 0.005366874797164761, 'spread_now': -0.004187320325019783, 'z_now': 0.9360703946248647, 'side_now': 'flat', 'bars_in_position': 0, 'action': 'hold', 'reason': 'z=+0.936 inside ±2.0 → no entry', 'time_stop_bars': 320}
[2026-05-25T07:44:43.394991+00:00] heartbeat | {'uptime_s': 7.6, 'mt5_connected': True, 'mt5_trade_allowed': True, 'open_pairs': 0, 'equity': 961.66, 'balance': 961.66}
[2026-05-25T07:44:43.396020+00:00] cycle_end | {'cycle_id': '2026-05-25T07:44:35+00:00', 'elapsed_ms': 7570.4, 'n_pairs_evaluated': 4, 'n_actions': 0, 'open_pairs': 0}
[2026-05-25T07:44:43.400561+00:00] loop_sleep | {'seconds': 4546.6}
[2026-05-25T07:48:50.799058+00:00] bot_stop | {'reason': 'KeyboardInterrupt'}
[2026-05-25T07:48:50.801043+00:00] bot_stop | {'reason': 'KeyboardInterrupt'}
[2026-05-25T07:48:50.801888+00:00] bot_stop_clean | {'code': 0}
