[Tue 05/26/2026 10:12:19.75] launching python runner 
[2026-05-26 09:42:40 BROKER] bot_start | {'tf': 'H4', 'dry_run': True, 'once': False, 'portfolio_csv': 'C:\\Users\\Administrator\\Desktop\\tob\\ema-h1trend\\notebooks\\data\\stat_arb\\portfolio_selected_H4.csv', 'risk_per_leg_pct': 0.1, 'max_open_pairs': 4, 'entry_z': 2.0, 'exit_z': 0.5, 'stop_z': 4.0, 'adf_gate_p': 0.1, 'train_months': 12, 'z_window_bars': 200, 'requested_pairs': None}
[2026-05-26 09:42:40 BROKER] portfolio_loaded | {'n_spreads': 4, 'pair_keys': ['EURCHF~GBPJPY', 'NZDCAD~EURUSD', 'GBPCHF~EURNZD', 'NZDCAD~GBPUSD'], 'magics': {'EURCHF~GBPJPY': 28000000, 'GBPCHF~EURNZD': 28000001, 'NZDCAD~EURUSD': 28000002, 'NZDCAD~GBPUSD': 28000003}}
[2026-05-26 09:42:40 BROKER] account_info | {'login': 13399867, 'server': 'ErranteSC-Demo', 'currency': 'USD', 'balance': 961.66, 'equity': 961.66, 'margin': 0.0, 'free_margin': 961.66}
[2026-05-26 09:42:41 BROKER] telegram_disabled | {'reason': 'env_not_set'}
[2026-05-26 09:42:41 BROKER] cycle_start | {'cycle_id': '2026-05-26T06:42:41+00:00', 'tf': 'H4', 'n_pairs': 4, 'dry_run': True}
[2026-05-26 09:42:41 BROKER] mt5_connected | {'state': 'healthy', 'connected': True, 'trade_allowed': True, 'ping_ms': 18537, 'recovered_after_failures': 0}
[2026-05-26 09:42:41 BROKER] panel_fetch_mt5_failed_falling_back_csv | {'error': "copy_rates_from_pos(EURCHF, H4, 0, 1763) returned None: (-1, 'Terminal: Call failed')", 'symbols': ['EURCHF', 'EURNZD', 'EURUSD', 'GBPCHF', 'GBPJPY', 'GBPUSD', 'NZDCAD'], 'n_bars': 1762}
[2026-05-26 09:42:48 BROKER] panel_ready | {'cycle_id': '2026-05-26T06:42:41+00:00', 'rows': 1762, 'range_start': '2025-04-09T16:00:00+03:00', 'range_end': '2026-05-22T20:00:00+03:00', 'source': 'csv'}
[2026-05-26 09:42:48 BROKER] spread_evaluated | {'pair_key': 'EURCHF~GBPJPY', 'bar_close': '2026-05-22T20:00:00+03:00', 'beta': -0.21521631799891805, 'alpha': 1.0697617322211388, 'adf_p': 0.017282139354255568, 'spread_now': -0.008627813547364527, 'z_now': -1.8298160870640494, 'side_now': 'flat', 'bars_in_position': 0, 'action': 'hold', 'reason': 'z=-1.830 inside ±2.0 → no entry', 'time_stop_bars': 320}
[2026-05-26 09:42:48 BROKER] spread_evaluated | {'pair_key': 'NZDCAD~EURUSD', 'bar_close': '2026-05-22T20:00:00+03:00', 'beta': -0.11221738591650228, 'alpha': -0.19261080203028128, 'adf_p': 0.012245562543209392, 'spread_now': -0.003601310907794031, 'z_now': 0.12652172935464093, 'side_now': 'flat', 'bars_in_position': 0, 'action': 'hold', 'reason': 'z=+0.127 inside ±2.0 → no entry', 'time_stop_bars': 320}
[2026-05-26 09:42:48 BROKER] spread_evaluated | {'pair_key': 'GBPCHF~EURNZD', 'bar_close': '2026-05-22T20:00:00+03:00', 'beta': -0.5380881106598795, 'alpha': 0.437563328926987, 'adf_p': 0.03254814281840558, 'spread_now': -0.01604779077415147, 'z_now': -1.0591319795266074, 'side_now': 'flat', 'bars_in_position': 0, 'action': 'hold', 'reason': 'z=-1.059 inside ±2.0 → no entry', 'time_stop_bars': 320}
[2026-05-26 09:42:49 BROKER] spread_evaluated | {'pair_key': 'NZDCAD~GBPUSD', 'bar_close': '2026-05-22T20:00:00+03:00', 'beta': 0.7328098623198117, 'alpha': -0.42504109944068347, 'adf_p': 0.005366874797164761, 'spread_now': -0.004187320325019783, 'z_now': 0.9360703946248647, 'side_now': 'flat', 'bars_in_position': 0, 'action': 'hold', 'reason': 'z=+0.936 inside ±2.0 → no entry', 'time_stop_bars': 320}
[2026-05-26 09:42:49 BROKER] heartbeat | {'uptime_s': 7.5, 'mt5_connected': True, 'mt5_trade_allowed': True, 'open_pairs': 0, 'equity': 961.66, 'balance': 961.66}
[2026-05-26 09:42:49 BROKER] cycle_end | {'cycle_id': '2026-05-26T06:42:41+00:00', 'elapsed_ms': 7484.3, 'n_pairs_evaluated': 4, 'n_actions': 0, 'open_pairs': 0}
[2026-05-26 09:42:49 BROKER] loop_sleep | {'seconds': 8260.9}
[2026-05-26 12:00:30 BROKER] cycle_start | {'cycle_id': '2026-05-26T09:00:30+00:00', 'tf': 'H4', 'n_pairs': 4, 'dry_run': True}
[2026-05-26 12:00:30 BROKER] mt5_connected | {'state': 'healthy', 'periodic': True, 'connected': True, 'trade_allowed': True, 'ping_ms': 85808}
[2026-05-26 12:00:30 BROKER] panel_fetch_mt5_failed_falling_back_csv | {'error': "copy_rates_from_pos(EURCHF, H4, 0, 1763) returned None: (-1, 'Terminal: Call failed')", 'symbols': ['EURCHF', 'EURNZD', 'EURUSD', 'GBPCHF', 'GBPJPY', 'GBPUSD', 'NZDCAD'], 'n_bars': 1762}
[2026-05-26 12:00:36 BROKER] panel_ready | {'cycle_id': '2026-05-26T09:00:30+00:00', 'rows': 1762, 'range_start': '2025-04-09T16:00:00+03:00', 'range_end': '2026-05-22T20:00:00+03:00', 'source': 'csv'}
[2026-05-26 12:00:36 BROKER] spread_evaluated | {'pair_key': 'EURCHF~GBPJPY', 'bar_close': '2026-05-22T20:00:00+03:00', 'beta': -0.21521631799891805, 'alpha': 1.0697617322211388, 'adf_p': 0.017282139354255568, 'spread_now': -0.008627813547364527, 'z_now': -1.8298160870640494, 'side_now': 'flat', 'bars_in_position': 0, 'action': 'hold', 'reason': 'z=-1.830 inside ±2.0 → no entry', 'time_stop_bars': 320}
[2026-05-26 12:00:36 BROKER] spread_evaluated | {'pair_key': 'NZDCAD~EURUSD', 'bar_close': '2026-05-22T20:00:00+03:00', 'beta': -0.11221738591650228, 'alpha': -0.19261080203028128, 'adf_p': 0.012245562543209392, 'spread_now': -0.003601310907794031, 'z_now': 0.12652172935464093, 'side_now': 'flat', 'bars_in_position': 0, 'action': 'hold', 'reason': 'z=+0.127 inside ±2.0 → no entry', 'time_stop_bars': 320}
[2026-05-26 12:00:36 BROKER] spread_evaluated | {'pair_key': 'GBPCHF~EURNZD', 'bar_close': '2026-05-22T20:00:00+03:00', 'beta': -0.5380881106598795, 'alpha': 0.437563328926987, 'adf_p': 0.03254814281840558, 'spread_now': -0.01604779077415147, 'z_now': -1.0591319795266074, 'side_now': 'flat', 'bars_in_position': 0, 'action': 'hold', 'reason': 'z=-1.059 inside ±2.0 → no entry', 'time_stop_bars': 320}
[2026-05-26 12:00:36 BROKER] spread_evaluated | {'pair_key': 'NZDCAD~GBPUSD', 'bar_close': '2026-05-22T20:00:00+03:00', 'beta': 0.7328098623198117, 'alpha': -0.42504109944068347, 'adf_p': 0.005366874797164761, 'spread_now': -0.004187320325019783, 'z_now': 0.9360703946248647, 'side_now': 'flat', 'bars_in_position': 0, 'action': 'hold', 'reason': 'z=+0.936 inside ±2.0 → no entry', 'time_stop_bars': 320}
[2026-05-26 12:00:36 BROKER] heartbeat | {'uptime_s': 8275.3, 'mt5_connected': True, 'mt5_trade_allowed': True, 'open_pairs': 0, 'equity': 961.66, 'balance': 961.66}
[2026-05-26 12:00:36 BROKER] cycle_end | {'cycle_id': '2026-05-26T09:00:30+00:00', 'elapsed_ms': 6887.8, 'n_pairs_evaluated': 4, 'n_actions': 0, 'open_pairs': 0}
[2026-05-26 12:00:36 BROKER] loop_sleep | {'seconds': 14393.1}
[2026-05-26 16:00:30 BROKER] cycle_start | {'cycle_id': '2026-05-26T13:00:30+00:00', 'tf': 'H4', 'n_pairs': 4, 'dry_run': True}
[2026-05-26 16:00:30 BROKER] mt5_connected | {'state': 'healthy', 'periodic': True, 'connected': True, 'trade_allowed': True, 'ping_ms': 85808}
[2026-05-26 16:00:30 BROKER] panel_fetch_mt5_failed_falling_back_csv | {'error': "copy_rates_from_pos(EURCHF, H4, 0, 1763) returned None: (-1, 'Terminal: Call failed')", 'symbols': ['EURCHF', 'EURNZD', 'EURUSD', 'GBPCHF', 'GBPJPY', 'GBPUSD', 'NZDCAD'], 'n_bars': 1762}
[2026-05-26 16:00:36 BROKER] panel_ready | {'cycle_id': '2026-05-26T13:00:30+00:00', 'rows': 1762, 'range_start': '2025-04-09T16:00:00+03:00', 'range_end': '2026-05-22T20:00:00+03:00', 'source': 'csv'}
[2026-05-26 16:00:36 BROKER] spread_evaluated | {'pair_key': 'EURCHF~GBPJPY', 'bar_close': '2026-05-22T20:00:00+03:00', 'beta': -0.21521631799891805, 'alpha': 1.0697617322211388, 'adf_p': 0.017282139354255568, 'spread_now': -0.008627813547364527, 'z_now': -1.8298160870640494, 'side_now': 'flat', 'bars_in_position': 0, 'action': 'hold', 'reason': 'z=-1.830 inside ±2.0 → no entry', 'time_stop_bars': 320}
[2026-05-26 16:00:37 BROKER] spread_evaluated | {'pair_key': 'NZDCAD~EURUSD', 'bar_close': '2026-05-22T20:00:00+03:00', 'beta': -0.11221738591650228, 'alpha': -0.19261080203028128, 'adf_p': 0.012245562543209392, 'spread_now': -0.003601310907794031, 'z_now': 0.12652172935464093, 'side_now': 'flat', 'bars_in_position': 0, 'action': 'hold', 'reason': 'z=+0.127 inside ±2.0 → no entry', 'time_stop_bars': 320}
[2026-05-26 16:00:37 BROKER] spread_evaluated | {'pair_key': 'GBPCHF~EURNZD', 'bar_close': '2026-05-22T20:00:00+03:00', 'beta': -0.5380881106598795, 'alpha': 0.437563328926987, 'adf_p': 0.03254814281840558, 'spread_now': -0.01604779077415147, 'z_now': -1.0591319795266074, 'side_now': 'flat', 'bars_in_position': 0, 'action': 'hold', 'reason': 'z=-1.059 inside ±2.0 → no entry', 'time_stop_bars': 320}
[2026-05-26 16:00:37 BROKER] spread_evaluated | {'pair_key': 'NZDCAD~GBPUSD', 'bar_close': '2026-05-22T20:00:00+03:00', 'beta': 0.7328098623198117, 'alpha': -0.42504109944068347, 'adf_p': 0.005366874797164761, 'spread_now': -0.004187320325019783, 'z_now': 0.9360703946248647, 'side_now': 'flat', 'bars_in_position': 0, 'action': 'hold', 'reason': 'z=+0.936 inside ±2.0 → no entry', 'time_stop_bars': 320}
[2026-05-26 16:00:37 BROKER] heartbeat | {'uptime_s': 22675.6, 'mt5_connected': True, 'mt5_trade_allowed': True, 'open_pairs': 0, 'equity': 983.24, 'balance': 983.96}
[2026-05-26 16:00:37 BROKER] cycle_end | {'cycle_id': '2026-05-26T13:00:30+00:00', 'elapsed_ms': 7298.4, 'n_pairs_evaluated': 4, 'n_actions': 0, 'open_pairs': 0}
[2026-05-26 16:00:37 BROKER] loop_sleep | {'seconds': 14392.5}
[2026-05-26 20:00:30 BROKER] cycle_start | {'cycle_id': '2026-05-26T17:00:30+00:00', 'tf': 'H4', 'n_pairs': 4, 'dry_run': True}
[2026-05-26 20:00:30 BROKER] mt5_connected | {'state': 'healthy', 'periodic': True, 'connected': True, 'trade_allowed': True, 'ping_ms': 23213}
[2026-05-26 20:00:30 BROKER] panel_fetch_mt5_failed_falling_back_csv | {'error': "copy_rates_from_pos(EURCHF, H4, 0, 1763) returned None: (-1, 'Terminal: Call failed')", 'symbols': ['EURCHF', 'EURNZD', 'EURUSD', 'GBPCHF', 'GBPJPY', 'GBPUSD', 'NZDCAD'], 'n_bars': 1762}
[2026-05-26 20:00:36 BROKER] panel_ready | {'cycle_id': '2026-05-26T17:00:30+00:00', 'rows': 1762, 'range_start': '2025-04-09T16:00:00+03:00', 'range_end': '2026-05-22T20:00:00+03:00', 'source': 'csv'}
[2026-05-26 20:00:36 BROKER] spread_evaluated | {'pair_key': 'EURCHF~GBPJPY', 'bar_close': '2026-05-22T20:00:00+03:00', 'beta': -0.21521631799891805, 'alpha': 1.0697617322211388, 'adf_p': 0.017282139354255568, 'spread_now': -0.008627813547364527, 'z_now': -1.8298160870640494, 'side_now': 'flat', 'bars_in_position': 0, 'action': 'hold', 'reason': 'z=-1.830 inside ±2.0 → no entry', 'time_stop_bars': 320}
[2026-05-26 20:00:36 BROKER] spread_evaluated | {'pair_key': 'NZDCAD~EURUSD', 'bar_close': '2026-05-22T20:00:00+03:00', 'beta': -0.11221738591650228, 'alpha': -0.19261080203028128, 'adf_p': 0.012245562543209392, 'spread_now': -0.003601310907794031, 'z_now': 0.12652172935464093, 'side_now': 'flat', 'bars_in_position': 0, 'action': 'hold', 'reason': 'z=+0.127 inside ±2.0 → no entry', 'time_stop_bars': 320}
[2026-05-26 20:00:36 BROKER] spread_evaluated | {'pair_key': 'GBPCHF~EURNZD', 'bar_close': '2026-05-22T20:00:00+03:00', 'beta': -0.5380881106598795, 'alpha': 0.437563328926987, 'adf_p': 0.03254814281840558, 'spread_now': -0.01604779077415147, 'z_now': -1.0591319795266074, 'side_now': 'flat', 'bars_in_position': 0, 'action': 'hold', 'reason': 'z=-1.059 inside ±2.0 → no entry', 'time_stop_bars': 320}
[2026-05-26 20:00:37 BROKER] spread_evaluated | {'pair_key': 'NZDCAD~GBPUSD', 'bar_close': '2026-05-22T20:00:00+03:00', 'beta': 0.7328098623198117, 'alpha': -0.42504109944068347, 'adf_p': 0.005366874797164761, 'spread_now': -0.004187320325019783, 'z_now': 0.9360703946248647, 'side_now': 'flat', 'bars_in_position': 0, 'action': 'hold', 'reason': 'z=+0.936 inside ±2.0 → no entry', 'time_stop_bars': 320}
[2026-05-26 20:00:37 BROKER] heartbeat | {'uptime_s': 37075.2, 'mt5_connected': True, 'mt5_trade_allowed': True, 'open_pairs': 0, 'equity': 980.2, 'balance': 980.2}
[2026-05-26 20:00:37 BROKER] cycle_end | {'cycle_id': '2026-05-26T17:00:30+00:00', 'elapsed_ms': 7034.6, 'n_pairs_evaluated': 4, 'n_actions': 0, 'open_pairs': 0}
[2026-05-26 20:00:37 BROKER] loop_sleep | {'seconds': 14392.8}
