[Sun 06/14/2026 20:42:29.49] ============================================================
[Sun 06/14/2026 20:42:29.50] launcher start: Sun 06/14/2026 20:42:29.49
[Sun 06/14/2026 20:42:29.51] SCRIPT_DIR  = C:\Users\Administrator\Desktop\tob\ema-h1trend\statarb_live\
[Sun 06/14/2026 20:42:29.52] REPO_ROOT   = C:\Users\Administrator\Desktop\tob\ema-h1trend
[Sun 06/14/2026 20:42:29.53] VENV_PYTHON = C:\Users\Administrator\Desktop\tob\ema-h1trend\.venv\Scripts\python.exe
[Sun 06/14/2026 20:42:29.53] DIAG_LOG    = C:\Users\Administrator\Desktop\tob\ema-h1trend\logs\statarb_live\launcher.log
[Sun 06/14/2026 20:42:29.54] SAL_BROKER  = mt5   SAL_MODE = paper
[Sun 06/14/2026 20:42:29.55] ============================================================
[Sun 06/14/2026 20:42:29.57] using interpreter: C:\Users\Administrator\Desktop\tob\ema-h1trend\.venv\Scripts\python.exe
Python 3.13.12
[Sun 06/14/2026 20:42:29.62] cwd = C:\Users\Administrator\Desktop\tob\ema-h1trend
[Sun 06/14/2026 20:42:29.63] testing imports (statarb_live + engine)...
import OK
[Sun 06/14/2026 20:42:35.14] [OK] imports fine
[Sun 06/14/2026 20:42:35.15] checking config + frozen universe...
=== statarb_live config ===
mode=paper broker=mt5 timeframe=H1
db=sqlite:///C:/Users/Administrator/Desktop/tob/ema-h1trend/statarb_live/_data/statarb_live.db
data_dir=C:\Users\Administrator\Desktop\tob\ema-h1trend\notebooks\data
strategy=nb38-phase4-frozen-2026
  z_entry=2.0 z_exit=0.0 z_stop=3.5 z_window=480
  target_ann_vol=0.1 vol_window=480 max_lev=3.0
  carry_w_rev=0.5 regime=hmm/1.5
universe pairs: ['CHFJPY~EURJPY', 'CADCHF~EURCAD', 'AUDJPY~EURJPY', 'AUDUSD~USDCAD', 'AUDJPY~CHFJPY', 'EURCAD~EURGBP']
carry universe: 21 symbols
[Sun 06/14/2026 20:42:40.49] [OK] config + universe loaded
[Mon 06/15/2026 11:49:27.35] ============================================================
[Mon 06/15/2026 11:49:27.36] launcher start: Mon 06/15/2026 11:49:27.35
[Mon 06/15/2026 11:49:27.37] SCRIPT_DIR  = C:\Users\Administrator\Desktop\tob\ema-h1trend\statarb_live\
[Mon 06/15/2026 11:49:27.38] REPO_ROOT   = C:\Users\Administrator\Desktop\tob\ema-h1trend
[Mon 06/15/2026 11:49:27.39] VENV_PYTHON = C:\Users\Administrator\Desktop\tob\ema-h1trend\.venv\Scripts\python.exe
[Mon 06/15/2026 11:49:27.40] DIAG_LOG    = C:\Users\Administrator\Desktop\tob\ema-h1trend\logs\statarb_live\launcher.log
[Mon 06/15/2026 11:49:27.41] SAL_BROKER  = mt5   SAL_MODE = paper
[Mon 06/15/2026 11:49:27.42] ============================================================
[Mon 06/15/2026 11:49:27.43] using interpreter: C:\Users\Administrator\Desktop\tob\ema-h1trend\.venv\Scripts\python.exe
Python 3.13.12
[Mon 06/15/2026 11:49:27.49] cwd = C:\Users\Administrator\Desktop\tob\ema-h1trend
[Mon 06/15/2026 11:49:27.50] testing imports (statarb_live + engine)...
import OK
[Mon 06/15/2026 11:49:33.21] [OK] imports fine
[Mon 06/15/2026 11:49:33.22] checking config + frozen universe...
=== statarb_live config ===
mode=paper broker=mt5 timeframe=H1
db=sqlite:///C:/Users/Administrator/Desktop/tob/ema-h1trend/statarb_live/_data/statarb_live.db
data_dir=C:\Users\Administrator\Desktop\tob\ema-h1trend\notebooks\data
strategy=nb38-phase4-frozen-2026
  z_entry=2.0 z_exit=0.0 z_stop=3.5 z_window=480
  target_ann_vol=0.1 vol_window=480 max_lev=3.0
  carry_w_rev=0.5 regime=hmm/1.5
universe pairs: ['CHFJPY~EURJPY', 'CADCHF~EURCAD', 'AUDJPY~EURJPY', 'AUDUSD~USDCAD', 'AUDJPY~CHFJPY', 'EURCAD~EURGBP']
carry universe: 21 symbols
[Mon 06/15/2026 11:49:38.58] [OK] config + universe loaded
