[Tue 05/26/2026 10:12:44.09] launching python runner 
Basket loaded: 7 symbols — ['EURUSD', 'XAUUSD', 'GBPUSD', 'USDMXN', 'GBPCAD', 'CADCHF', 'EURCAD']
Selection criteria: WR_IS >= 48.0% AND fwd_net_$ >= 0.00

Capital plan (policy=equal, total_risk=2.000%):
  EURUSD   weight=14.29%  risk_per_trade=0.2857%
  XAUUSD   weight=14.29%  risk_per_trade=0.2857%
  GBPUSD   weight=14.29%  risk_per_trade=0.2857%
  USDMXN   weight=14.29%  risk_per_trade=0.2857%
  GBPCAD   weight=14.29%  risk_per_trade=0.2857%
  CADCHF   weight=14.29%  risk_per_trade=0.2857%
  EURCAD   weight=14.29%  risk_per_trade=0.2857%
[portfolio] portfolio_start: basket=['EURUSD', 'XAUUSD', 'GBPUSD', 'USDMXN', 'GBPCAD', 'CADCHF', 'EURCAD'] policy=equal portfolio_risk=0.02 criteria=WR_IS >= 48.0% AND fwd_net_$ >= 0.00 dry_run=False
[2026-05-26 09:42:46 BROKER] bot_start | {'symbol': 'EURUSD', 'requested_symbol': 'EURUSD', 'magic': 24000000, 'risk_per_trade': 0.002857, 'risk_reward': 2.0, 'slippage_limit_threshold': 4.0, 'slippage_max_points': 40.0, 'max_spread_points': 200, 'stale_after_seconds': 300, 'heartbeat_interval_seconds': 600, 'rotate_daily_logs': True}
[2026-05-26 09:42:46 BROKER] slippage_config | {'slippage_max_points': 40.0, 'slippage_limit_threshold': 4.0, 'from_table': False}
[2026-05-26 09:42:46 BROKER] state_recovered | {'adopted_pendings': [], 'adopted_positions': [], 'balance': 961.66, 'equity': 961.66}
[2026-05-26 09:42:46 BROKER] telegram_sent | {'category': 'bot_start', 'attempt': 1, 'status': 200, 'latency_ms': 284.1}
[2026-05-26 09:42:46 BROKER] bot_start | {'symbol': 'XAUUSD.i', 'requested_symbol': 'XAUUSD', 'magic': 24000001, 'risk_per_trade': 0.002857, 'risk_reward': 2.0, 'slippage_limit_threshold': 4.0, 'slippage_max_points': 30.0, 'max_spread_points': 200, 'stale_after_seconds': 300, 'heartbeat_interval_seconds': 600, 'rotate_daily_logs': True}
[2026-05-26 09:42:46 BROKER] slippage_config | {'slippage_max_points': 30.0, 'slippage_limit_threshold': 4.0, 'from_table': True}
[2026-05-26 09:42:46 BROKER] state_recovered | {'adopted_pendings': [], 'adopted_positions': [], 'balance': 961.66, 'equity': 961.66}
[2026-05-26 09:42:46 BROKER] telegram_sent | {'category': 'bot_start', 'attempt': 1, 'status': 200, 'latency_ms': 130.7}
[2026-05-26 09:42:46 BROKER] bot_start | {'symbol': 'GBPUSD', 'requested_symbol': 'GBPUSD', 'magic': 24000002, 'risk_per_trade': 0.002857, 'risk_reward': 2.0, 'slippage_limit_threshold': 4.0, 'slippage_max_points': 40.0, 'max_spread_points': 200, 'stale_after_seconds': 300, 'heartbeat_interval_seconds': 600, 'rotate_daily_logs': True}
[2026-05-26 09:42:46 BROKER] slippage_config | {'slippage_max_points': 40.0, 'slippage_limit_threshold': 4.0, 'from_table': True}
[2026-05-26 09:42:46 BROKER] state_recovered | {'adopted_pendings': [], 'adopted_positions': [], 'balance': 961.66, 'equity': 961.66}
[2026-05-26 09:42:47 BROKER] telegram_sent | {'category': 'bot_start', 'attempt': 1, 'status': 200, 'latency_ms': 139.4}
[2026-05-26 09:42:47 BROKER] bot_start | {'symbol': 'USDMXN.i', 'requested_symbol': 'USDMXN', 'magic': 24000003, 'risk_per_trade': 0.002857, 'risk_reward': 2.0, 'slippage_limit_threshold': 4.0, 'slippage_max_points': 200.0, 'max_spread_points': 200, 'stale_after_seconds': 300, 'heartbeat_interval_seconds': 600, 'rotate_daily_logs': True}
[2026-05-26 09:42:47 BROKER] slippage_config | {'slippage_max_points': 200.0, 'slippage_limit_threshold': 4.0, 'from_table': True}
[2026-05-26 09:42:47 BROKER] state_recovered | {'adopted_pendings': [], 'adopted_positions': [], 'balance': 961.66, 'equity': 961.66}
[2026-05-26 09:42:47 BROKER] telegram_sent | {'category': 'bot_start', 'attempt': 1, 'status': 200, 'latency_ms': 355.0}
[2026-05-26 09:42:47 BROKER] bot_start | {'symbol': 'GBPCAD.i', 'requested_symbol': 'GBPCAD', 'magic': 24000004, 'risk_per_trade': 0.002857, 'risk_reward': 2.0, 'slippage_limit_threshold': 4.0, 'slippage_max_points': 50.0, 'max_spread_points': 200, 'stale_after_seconds': 300, 'heartbeat_interval_seconds': 600, 'rotate_daily_logs': True}
[2026-05-26 09:42:47 BROKER] slippage_config | {'slippage_max_points': 50.0, 'slippage_limit_threshold': 4.0, 'from_table': True}
[2026-05-26 09:42:47 BROKER] state_recovered | {'adopted_pendings': [], 'adopted_positions': [], 'balance': 961.66, 'equity': 961.66}
[2026-05-26 09:42:47 BROKER] telegram_sent | {'category': 'bot_start', 'attempt': 1, 'status': 200, 'latency_ms': 119.9}
[2026-05-26 09:42:47 BROKER] bot_start | {'symbol': 'CADCHF.i', 'requested_symbol': 'CADCHF', 'magic': 24000005, 'risk_per_trade': 0.002857, 'risk_reward': 2.0, 'slippage_limit_threshold': 4.0, 'slippage_max_points': 40.0, 'max_spread_points': 200, 'stale_after_seconds': 300, 'heartbeat_interval_seconds': 600, 'rotate_daily_logs': True}
[2026-05-26 09:42:47 BROKER] slippage_config | {'slippage_max_points': 40.0, 'slippage_limit_threshold': 4.0, 'from_table': False}
[2026-05-26 09:42:47 BROKER] state_recovered | {'adopted_pendings': [], 'adopted_positions': [], 'balance': 961.66, 'equity': 961.66}
[2026-05-26 09:42:54 BROKER] telegram_sent | {'category': 'bot_start', 'attempt': 1, 'status': 200, 'latency_ms': 7194.1}
[2026-05-26 09:42:54 BROKER] bot_start | {'symbol': 'EURCAD.i', 'requested_symbol': 'EURCAD', 'magic': 24000006, 'risk_per_trade': 0.002857, 'risk_reward': 2.0, 'slippage_limit_threshold': 4.0, 'slippage_max_points': 35.0, 'max_spread_points': 200, 'stale_after_seconds': 300, 'heartbeat_interval_seconds': 600, 'rotate_daily_logs': True}
[2026-05-26 09:42:54 BROKER] slippage_config | {'slippage_max_points': 35.0, 'slippage_limit_threshold': 4.0, 'from_table': True}
[2026-05-26 09:42:54 BROKER] state_recovered | {'adopted_pendings': [], 'adopted_positions': [], 'balance': 961.66, 'equity': 961.66}
[2026-05-26 09:42:54 BROKER] telegram_sent | {'category': 'bot_start', 'attempt': 1, 'status': 200, 'latency_ms': 160.4}

Multi-symbol scalper running on 7 symbols. Ctrl+C to stop.
[2026-05-26 09:42:54 BROKER] heartbeat | {'uptime_s': 8.5, 'mt5_connected': True, 'mt5_trade_allowed': True, 'tracked_pendings': 0, 'open_positions': 0, 'cooldown_active': False, 'cooldown_remaining_s': 0.0, 'balance': 961.66, 'equity': 961.66}
[2026-05-26 09:42:54 BROKER] mt5_connected | {'state': 'healthy', 'connected': True, 'trade_allowed': True, 'ping_ms': 18537, 'recovered_after_failures': 0}
C:\Users\Administrator\Desktop\tob\ema-h1trend\mt5\run_multi_scalper.py:179: Pandas4Warning: Timestamp.utcnow is deprecated and will be removed in a future version. Use Timestamp.now('UTC') instead.
  return pd.Timestamp.utcnow().tz_localize(None) + pd.Timedelta(hours=BROKER_WALLCLOCK_OFFSET_HOURS)
[2026-05-26 09:42:55 BROKER] cycle | {'bars_m5': 599, 'bars_h1': 250, 'bars_d1': 120, 'last_bar_time': '2026-05-26 09:35:00', 'data_age_min': 7.9, 'signal': False, 'risk_per_trade': 0.002857, 'weight': 0.142857, 'diag': {'n_m5': 599, 'n_h1': 250, 'n_d1': 120, 'bar_time': '2026-05-26 09:35:00', 'open': 1.1633499999999999, 'high': 1.16354, 'low': 1.16334, 'close': 1.16351, 'volume': 113.0, 'trend_dir': 0, 'h1_trend': 1, 'd1_trend': -1, 'h1_rsi': 50.394, 'in_session': False, 'atr_ok': True, 'adx_ok': True, 'ema20': 1.163092, 'rsi': 69.212, 'atr': 0.00021, 'adx': 23.615, 'bb_up': 1.163375, 'bb_lo': 1.162557, 'f_bb': -1, 'f_ema': 0, 'f_rsi': 0, 'f_candle': 0, 'f_rsiR': 1, 'f_macd': 1, 'f_stoch': 0, 'f_vol': 1, 'signal_dir': 0, 'h1_topped_from_m5': 1, 'd1_topped_from_m5': 1}}
[2026-05-26 09:42:55 BROKER] heartbeat | {'uptime_s': 8.4, 'mt5_connected': True, 'mt5_trade_allowed': True, 'tracked_pendings': 0, 'open_positions': 0, 'cooldown_active': False, 'cooldown_remaining_s': 0.0, 'balance': 961.66, 'equity': 961.66}
C:\Users\Administrator\Desktop\tob\ema-h1trend\mt5\run_multi_scalper.py:179: Pandas4Warning: Timestamp.utcnow is deprecated and will be removed in a future version. Use Timestamp.now('UTC') instead.
  return pd.Timestamp.utcnow().tz_localize(None) + pd.Timedelta(hours=BROKER_WALLCLOCK_OFFSET_HOURS)
[2026-05-26 09:42:55 BROKER] cycle | {'bars_m5': 599, 'bars_h1': 250, 'bars_d1': 120, 'last_bar_time': '2026-05-26 09:35:00', 'data_age_min': 7.9, 'signal': False, 'risk_per_trade': 0.002857, 'weight': 0.142857, 'diag': {'n_m5': 599, 'n_h1': 250, 'n_d1': 120, 'bar_time': '2026-05-26 09:35:00', 'open': 4530.76, 'high': 4533.33, 'low': 4530.72, 'close': 4531.62, 'volume': 872.0, 'trend_dir': -1, 'h1_trend': -1, 'd1_trend': -1, 'h1_rsi': 40.88, 'in_session': False, 'atr_ok': True, 'adx_ok': True, 'ema20': 4531.098266, 'rsi': 50.01, 'atr': 3.809688, 'adx': 20.041, 'bb_up': 4534.149224, 'bb_lo': 4526.685776, 'f_bb': 0, 'f_ema': 1, 'f_rsi': 0, 'f_candle': 0, 'f_rsiR': 0, 'f_macd': 1, 'f_stoch': 0, 'f_vol': 0, 'signal_dir': 0, 'h1_topped_from_m5': 1, 'd1_topped_from_m5': 1}}
[2026-05-26 09:42:55 BROKER] heartbeat | {'uptime_s': 8.4, 'mt5_connected': True, 'mt5_trade_allowed': True, 'tracked_pendings': 0, 'open_positions': 0, 'cooldown_active': False, 'cooldown_remaining_s': 0.0, 'balance': 961.66, 'equity': 961.66}
C:\Users\Administrator\Desktop\tob\ema-h1trend\mt5\run_multi_scalper.py:179: Pandas4Warning: Timestamp.utcnow is deprecated and will be removed in a future version. Use Timestamp.now('UTC') instead.
  return pd.Timestamp.utcnow().tz_localize(None) + pd.Timedelta(hours=BROKER_WALLCLOCK_OFFSET_HOURS)
[2026-05-26 09:42:55 BROKER] cycle | {'bars_m5': 599, 'bars_h1': 250, 'bars_d1': 120, 'last_bar_time': '2026-05-26 09:35:00', 'data_age_min': 7.9, 'signal': False, 'risk_per_trade': 0.002857, 'weight': 0.142857, 'diag': {'n_m5': 599, 'n_h1': 250, 'n_d1': 120, 'bar_time': '2026-05-26 09:35:00', 'open': 1.34775, 'high': 1.34802, 'low': 1.34771, 'close': 1.34788, 'volume': 230.0, 'trend_dir': 1, 'h1_trend': 1, 'd1_trend': 1, 'h1_rsi': 43.089, 'in_session': False, 'atr_ok': True, 'adx_ok': True, 'ema20': 1.347845, 'rsi': 48.326, 'atr': 0.000304, 'adx': 29.901, 'bb_up': 1.348062, 'bb_lo': 1.347392, 'f_bb': 0, 'f_ema': 1, 'f_rsi': 0, 'f_candle': 0, 'f_rsiR': 1, 'f_macd': 1, 'f_stoch': 0, 'f_vol': 1, 'signal_dir': 0, 'h1_topped_from_m5': 1, 'd1_topped_from_m5': 1}}
[2026-05-26 09:42:55 BROKER] heartbeat | {'uptime_s': 8.4, 'mt5_connected': True, 'mt5_trade_allowed': True, 'tracked_pendings': 0, 'open_positions': 0, 'cooldown_active': False, 'cooldown_remaining_s': 0.0, 'balance': 961.66, 'equity': 961.66}
C:\Users\Administrator\Desktop\tob\ema-h1trend\mt5\run_multi_scalper.py:179: Pandas4Warning: Timestamp.utcnow is deprecated and will be removed in a future version. Use Timestamp.now('UTC') instead.
  return pd.Timestamp.utcnow().tz_localize(None) + pd.Timedelta(hours=BROKER_WALLCLOCK_OFFSET_HOURS)
[2026-05-26 09:42:55 BROKER] cycle | {'bars_m5': 599, 'bars_h1': 250, 'bars_d1': 120, 'last_bar_time': '2026-05-26 09:35:00', 'data_age_min': 7.9, 'signal': False, 'risk_per_trade': 0.002857, 'weight': 0.142857, 'diag': {'n_m5': 599, 'n_h1': 250, 'n_d1': 120, 'bar_time': '2026-05-26 09:35:00', 'open': 17.28725, 'high': 17.28725, 'low': 17.28114, 'close': 17.28174, 'volume': 301.0, 'trend_dir': -1, 'h1_trend': -1, 'd1_trend': -1, 'h1_rsi': 51.58, 'in_session': False, 'atr_ok': True, 'adx_ok': True, 'ema20': 17.286542, 'rsi': 42.086, 'atr': 0.004761, 'adx': 34.956, 'bb_up': 17.293054, 'bb_lo': 17.28288, 'f_bb': 1, 'f_ema': -1, 'f_rsi': 0, 'f_candle': 0, 'f_rsiR': -1, 'f_macd': -1, 'f_stoch': 0, 'f_vol': -1, 'signal_dir': 0, 'h1_topped_from_m5': 1, 'd1_topped_from_m5': 1}}
[2026-05-26 09:42:55 BROKER] heartbeat | {'uptime_s': 8.3, 'mt5_connected': True, 'mt5_trade_allowed': True, 'tracked_pendings': 0, 'open_positions': 0, 'cooldown_active': False, 'cooldown_remaining_s': 0.0, 'balance': 961.66, 'equity': 961.66}
C:\Users\Administrator\Desktop\tob\ema-h1trend\mt5\run_multi_scalper.py:179: Pandas4Warning: Timestamp.utcnow is deprecated and will be removed in a future version. Use Timestamp.now('UTC') instead.
  return pd.Timestamp.utcnow().tz_localize(None) + pd.Timedelta(hours=BROKER_WALLCLOCK_OFFSET_HOURS)
[2026-05-26 09:42:55 BROKER] cycle | {'bars_m5': 599, 'bars_h1': 250, 'bars_d1': 120, 'last_bar_time': '2026-05-26 09:35:00', 'data_age_min': 7.9, 'signal': False, 'risk_per_trade': 0.002857, 'weight': 0.142857, 'diag': {'n_m5': 599, 'n_h1': 250, 'n_d1': 120, 'bar_time': '2026-05-26 09:35:00', 'open': 1.86111, 'high': 1.86125, 'low': 1.86097, 'close': 1.86114, 'volume': 504.0, 'trend_dir': 1, 'h1_trend': 1, 'd1_trend': 1, 'h1_rsi': 44.172, 'in_session': False, 'atr_ok': True, 'adx_ok': True, 'ema20': 1.861457, 'rsi': 37.472, 'atr': 0.000328, 'adx': 33.812, 'bb_up': 1.861855, 'bb_lo': 1.861016, 'f_bb': 1, 'f_ema': 0, 'f_rsi': 0, 'f_candle': 0, 'f_rsiR': 1, 'f_macd': 1, 'f_stoch': 0, 'f_vol': 1, 'signal_dir': 0, 'h1_topped_from_m5': 1, 'd1_topped_from_m5': 1}}
[2026-05-26 09:42:55 BROKER] heartbeat | {'uptime_s': 8.3, 'mt5_connected': True, 'mt5_trade_allowed': True, 'tracked_pendings': 0, 'open_positions': 0, 'cooldown_active': False, 'cooldown_remaining_s': 0.0, 'balance': 961.66, 'equity': 961.66}
C:\Users\Administrator\Desktop\tob\ema-h1trend\mt5\run_multi_scalper.py:179: Pandas4Warning: Timestamp.utcnow is deprecated and will be removed in a future version. Use Timestamp.now('UTC') instead.
  return pd.Timestamp.utcnow().tz_localize(None) + pd.Timedelta(hours=BROKER_WALLCLOCK_OFFSET_HOURS)
[2026-05-26 09:42:55 BROKER] cycle | {'bars_m5': 599, 'bars_h1': 250, 'bars_d1': 120, 'last_bar_time': '2026-05-26 09:35:00', 'data_age_min': 7.9, 'signal': False, 'risk_per_trade': 0.002857, 'weight': 0.142857, 'diag': {'n_m5': 599, 'n_h1': 250, 'n_d1': 120, 'bar_time': '2026-05-26 09:35:00', 'open': 0.56768, 'high': 0.56778, 'low': 0.56765, 'close': 0.56776, 'volume': 197.0, 'trend_dir': -1, 'h1_trend': -1, 'd1_trend': -1, 'h1_rsi': 59.672, 'in_session': False, 'atr_ok': True, 'adx_ok': True, 'ema20': 0.567416, 'rsi': 75.189, 'atr': 0.000136, 'adx': 31.386, 'bb_up': 0.567727, 'bb_lo': 0.567002, 'f_bb': -1, 'f_ema': 0, 'f_rsi': 0, 'f_candle': 0, 'f_rsiR': -1, 'f_macd': 1, 'f_stoch': 0, 'f_vol': 1, 'signal_dir': 0, 'h1_topped_from_m5': 1, 'd1_topped_from_m5': 1}}
[2026-05-26 09:42:56 BROKER] heartbeat | {'uptime_s': 1.3, 'mt5_connected': True, 'mt5_trade_allowed': True, 'tracked_pendings': 0, 'open_positions': 0, 'cooldown_active': False, 'cooldown_remaining_s': 0.0, 'balance': 961.66, 'equity': 961.66}
C:\Users\Administrator\Desktop\tob\ema-h1trend\mt5\run_multi_scalper.py:179: Pandas4Warning: Timestamp.utcnow is deprecated and will be removed in a future version. Use Timestamp.now('UTC') instead.
  return pd.Timestamp.utcnow().tz_localize(None) + pd.Timedelta(hours=BROKER_WALLCLOCK_OFFSET_HOURS)
[2026-05-26 09:42:56 BROKER] cycle | {'bars_m5': 599, 'bars_h1': 250, 'bars_d1': 120, 'last_bar_time': '2026-05-26 09:35:00', 'data_age_min': 7.9, 'signal': False, 'risk_per_trade': 0.002857, 'weight': 0.142857, 'diag': {'n_m5': 599, 'n_h1': 250, 'n_d1': 120, 'bar_time': '2026-05-26 09:35:00', 'open': 1.60649, 'high': 1.6066500000000001, 'low': 1.60636, 'close': 1.6066099999999999, 'volume': 365.0, 'trend_dir': 1, 'h1_trend': 1, 'd1_trend': 1, 'h1_rsi': 54.428, 'in_session': False, 'atr_ok': True, 'adx_ok': True, 'ema20': 1.60632, 'rsi': 66.129, 'atr': 0.000231, 'adx': 22.346, 'bb_up': 1.606533, 'bb_lo': 1.606002, 'f_bb': -1, 'f_ema': 1, 'f_rsi': 0, 'f_candle': 0, 'f_rsiR': 0, 'f_macd': 1, 'f_stoch': 0, 'f_vol': 0, 'signal_dir': 0, 'h1_topped_from_m5': 1, 'd1_topped_from_m5': 1}}
