[Tue 05/26/2026  0:15:15.25] launching python runner 
Basket loaded: 7 symbols — ['EURUSD', 'XAUUSD', 'GBPUSD', 'USDMXN', 'GBPCAD', 'CADCHF', 'EURCAD']
Selection criteria: WR_IS >= 48.0% AND fwd_net_$ >= 0.00

Capital plan (policy=equal, total_risk=2.000%):
  EURUSD   weight=14.29%  risk_per_trade=0.2857%
  XAUUSD   weight=14.29%  risk_per_trade=0.2857%
  GBPUSD   weight=14.29%  risk_per_trade=0.2857%
  USDMXN   weight=14.29%  risk_per_trade=0.2857%
  GBPCAD   weight=14.29%  risk_per_trade=0.2857%
  CADCHF   weight=14.29%  risk_per_trade=0.2857%
  EURCAD   weight=14.29%  risk_per_trade=0.2857%
[portfolio] portfolio_start: basket=['EURUSD', 'XAUUSD', 'GBPUSD', 'USDMXN', 'GBPCAD', 'CADCHF', 'EURCAD'] policy=equal portfolio_risk=0.02 criteria=WR_IS >= 48.0% AND fwd_net_$ >= 0.00 dry_run=False
[2026-05-25T20:45:23.507711+00:00] bot_start | {'symbol': 'EURUSD', 'requested_symbol': 'EURUSD', 'magic': 24000000, 'risk_per_trade': 0.002857, 'risk_reward': 2.0, 'slippage_limit_threshold': 4.0, 'slippage_max_points': 6.0, 'max_spread_points': 200, 'stale_after_seconds': 300, 'heartbeat_interval_seconds': 600, 'rotate_daily_logs': True}
[2026-05-25T20:45:23.513408+00:00] state_recovered | {'adopted_pendings': [], 'adopted_positions': [], 'balance': 961.66, 'equity': 961.66}
[2026-05-25T20:45:23.516206+00:00] bot_start | {'symbol': 'XAUUSD.i', 'requested_symbol': 'XAUUSD', 'magic': 24000001, 'risk_per_trade': 0.002857, 'risk_reward': 2.0, 'slippage_limit_threshold': 4.0, 'slippage_max_points': 6.0, 'max_spread_points': 200, 'stale_after_seconds': 300, 'heartbeat_interval_seconds': 600, 'rotate_daily_logs': True}
[2026-05-25T20:45:23.518127+00:00] state_recovered | {'adopted_pendings': [], 'adopted_positions': [], 'balance': 961.66, 'equity': 961.66}
[2026-05-25T20:45:23.520359+00:00] bot_start | {'symbol': 'GBPUSD', 'requested_symbol': 'GBPUSD', 'magic': 24000002, 'risk_per_trade': 0.002857, 'risk_reward': 2.0, 'slippage_limit_threshold': 4.0, 'slippage_max_points': 6.0, 'max_spread_points': 200, 'stale_after_seconds': 300, 'heartbeat_interval_seconds': 600, 'rotate_daily_logs': True}
[2026-05-25T20:45:23.523629+00:00] state_recovered | {'adopted_pendings': [], 'adopted_positions': [], 'balance': 961.66, 'equity': 961.66}
[2026-05-25T20:45:23.525738+00:00] bot_start | {'symbol': 'USDMXN.i', 'requested_symbol': 'USDMXN', 'magic': 24000003, 'risk_per_trade': 0.002857, 'risk_reward': 2.0, 'slippage_limit_threshold': 4.0, 'slippage_max_points': 6.0, 'max_spread_points': 200, 'stale_after_seconds': 300, 'heartbeat_interval_seconds': 600, 'rotate_daily_logs': True}
[2026-05-25T20:45:23.529339+00:00] state_recovered | {'adopted_pendings': [], 'adopted_positions': [], 'balance': 961.66, 'equity': 961.66}
[2026-05-25T20:45:23.531531+00:00] bot_start | {'symbol': 'GBPCAD.i', 'requested_symbol': 'GBPCAD', 'magic': 24000004, 'risk_per_trade': 0.002857, 'risk_reward': 2.0, 'slippage_limit_threshold': 4.0, 'slippage_max_points': 6.0, 'max_spread_points': 200, 'stale_after_seconds': 300, 'heartbeat_interval_seconds': 600, 'rotate_daily_logs': True}
[2026-05-25T20:45:23.535055+00:00] state_recovered | {'adopted_pendings': [], 'adopted_positions': [], 'balance': 961.66, 'equity': 961.66}
[2026-05-25T20:45:23.537505+00:00] bot_start | {'symbol': 'CADCHF.i', 'requested_symbol': 'CADCHF', 'magic': 24000005, 'risk_per_trade': 0.002857, 'risk_reward': 2.0, 'slippage_limit_threshold': 4.0, 'slippage_max_points': 6.0, 'max_spread_points': 200, 'stale_after_seconds': 300, 'heartbeat_interval_seconds': 600, 'rotate_daily_logs': True}
[2026-05-25T20:45:23.540263+00:00] state_recovered | {'adopted_pendings': [], 'adopted_positions': [], 'balance': 961.66, 'equity': 961.66}
[2026-05-25T20:45:23.542961+00:00] bot_start | {'symbol': 'EURCAD.i', 'requested_symbol': 'EURCAD', 'magic': 24000006, 'risk_per_trade': 0.002857, 'risk_reward': 2.0, 'slippage_limit_threshold': 4.0, 'slippage_max_points': 6.0, 'max_spread_points': 200, 'stale_after_seconds': 300, 'heartbeat_interval_seconds': 600, 'rotate_daily_logs': True}
[2026-05-25T20:45:23.545991+00:00] state_recovered | {'adopted_pendings': [], 'adopted_positions': [], 'balance': 961.66, 'equity': 961.66}

Multi-symbol scalper running on 7 symbols. Ctrl+C to stop.
[2026-05-25T20:45:23.549042+00:00] heartbeat | {'uptime_s': 0.0, 'mt5_connected': True, 'mt5_trade_allowed': True, 'tracked_pendings': 0, 'open_positions': 0, 'cooldown_active': False, 'cooldown_remaining_s': 0.0, 'balance': 961.66, 'equity': 961.66}
[2026-05-25T20:45:23.552835+00:00] mt5_connected | {'state': 'healthy', 'connected': True, 'trade_allowed': True, 'ping_ms': 111870, 'recovered_after_failures': 0}
C:\Users\Administrator\Desktop\tob\ema-h1trend\mt5\run_multi_scalper.py:142: Pandas4Warning: Timestamp.utcnow is deprecated and will be removed in a future version. Use Timestamp.now('UTC') instead.
  return pd.Timestamp.utcnow().tz_localize(None) + pd.Timedelta(hours=BROKER_WALLCLOCK_OFFSET_HOURS)
[2026-05-25T20:45:24.956263+00:00] cycle | {'bars_m5': 599, 'bars_h1': 249, 'bars_d1': 119, 'last_bar_time': '2026-05-25 23:40:00', 'data_age_min': 5.4, 'signal': False, 'risk_per_trade': 0.002857, 'weight': 0.142857, 'diag': {'n_m5': 599, 'n_h1': 249, 'n_d1': 119, 'bar_time': '2026-05-25 23:40:00', 'open': 1.16412, 'high': 1.16419, 'low': 1.16407, 'close': 1.16419, 'volume': 106.0, 'trend_dir': 0, 'h1_trend': 1, 'd1_trend': -1, 'h1_rsi': 57.463, 'in_session': False, 'atr_ok': False, 'adx_ok': True, 'ema20': 1.164209, 'rsi': 48.653, 'atr': 8.7e-05, 'adx': 10.104, 'bb_up': 1.164296, 'bb_lo': 1.164126, 'f_bb': 1, 'f_ema': -1, 'f_rsi': 0, 'f_candle': 0, 'f_rsiR': 0, 'f_macd': -1, 'f_stoch': 0, 'f_vol': 1, 'signal_dir': 0}}
[2026-05-25T20:45:24.959753+00:00] heartbeat | {'uptime_s': 1.4, 'mt5_connected': True, 'mt5_trade_allowed': True, 'tracked_pendings': 0, 'open_positions': 0, 'cooldown_active': False, 'cooldown_remaining_s': 0.0, 'balance': 961.66, 'equity': 961.66}
C:\Users\Administrator\Desktop\tob\ema-h1trend\mt5\run_multi_scalper.py:142: Pandas4Warning: Timestamp.utcnow is deprecated and will be removed in a future version. Use Timestamp.now('UTC') instead.
  return pd.Timestamp.utcnow().tz_localize(None) + pd.Timedelta(hours=BROKER_WALLCLOCK_OFFSET_HOURS)
[2026-05-25T20:45:25.109464+00:00] cycle | {'bars_m5': 599, 'bars_h1': 249, 'bars_d1': 119, 'last_bar_time': '2026-05-25 22:05:00', 'data_age_min': 100.4, 'signal': False, 'risk_per_trade': 0.002857, 'weight': 0.142857, 'diag': {'n_m5': 599, 'n_h1': 249, 'n_d1': 119, 'bar_time': '2026-05-25 22:05:00', 'open': 4569.56, 'high': 4569.56, 'low': 4569.56, 'close': 4569.56, 'volume': 1.0, 'trend_dir': 0, 'h1_trend': 1, 'd1_trend': -1, 'h1_rsi': 58.154, 'in_session': True, 'atr_ok': True, 'adx_ok': True, 'ema20': 4569.451958, 'rsi': 50.232, 'atr': 1.355528, 'adx': 13.386, 'bb_up': 4572.788667, 'bb_lo': 4564.793333, 'f_bb': 0, 'f_ema': 1, 'f_rsi': 0, 'f_candle': 0, 'f_rsiR': 0, 'f_macd': 1, 'f_stoch': 0, 'f_vol': 0, 'signal_dir': 0}}
[2026-05-25T20:45:25.114205+00:00] skip | {'reason': 'market_closed_or_stale', 'data_age_min': 100.4}
[2026-05-25T20:45:25.120812+00:00] heartbeat | {'uptime_s': 1.6, 'mt5_connected': True, 'mt5_trade_allowed': True, 'tracked_pendings': 0, 'open_positions': 0, 'cooldown_active': False, 'cooldown_remaining_s': 0.0, 'balance': 961.66, 'equity': 961.66}
C:\Users\Administrator\Desktop\tob\ema-h1trend\mt5\run_multi_scalper.py:142: Pandas4Warning: Timestamp.utcnow is deprecated and will be removed in a future version. Use Timestamp.now('UTC') instead.
  return pd.Timestamp.utcnow().tz_localize(None) + pd.Timedelta(hours=BROKER_WALLCLOCK_OFFSET_HOURS)
[2026-05-25T20:45:25.320155+00:00] cycle | {'bars_m5': 599, 'bars_h1': 249, 'bars_d1': 119, 'last_bar_time': '2026-05-25 23:40:00', 'data_age_min': 5.4, 'signal': False, 'risk_per_trade': 0.002857, 'weight': 0.142857, 'diag': {'n_m5': 599, 'n_h1': 249, 'n_d1': 119, 'bar_time': '2026-05-25 23:40:00', 'open': 1.35064, 'high': 1.35065, 'low': 1.3505099999999999, 'close': 1.35062, 'volume': 140.0, 'trend_dir': 0, 'h1_trend': 1, 'd1_trend': -1, 'h1_rsi': 73.389, 'in_session': False, 'atr_ok': False, 'adx_ok': True, 'ema20': 1.350675, 'rsi': 48.169, 'atr': 0.00011, 'adx': 18.908, 'bb_up': 1.35085, 'bb_lo': 1.350522, 'f_bb': 1, 'f_ema': -1, 'f_rsi': 0, 'f_candle': 0, 'f_rsiR': 0, 'f_macd': -1, 'f_stoch': 0, 'f_vol': -1, 'signal_dir': 0}}
[2026-05-25T20:45:25.325839+00:00] heartbeat | {'uptime_s': 1.8, 'mt5_connected': True, 'mt5_trade_allowed': True, 'tracked_pendings': 0, 'open_positions': 0, 'cooldown_active': False, 'cooldown_remaining_s': 0.0, 'balance': 961.66, 'equity': 961.66}
C:\Users\Administrator\Desktop\tob\ema-h1trend\mt5\run_multi_scalper.py:142: Pandas4Warning: Timestamp.utcnow is deprecated and will be removed in a future version. Use Timestamp.now('UTC') instead.
  return pd.Timestamp.utcnow().tz_localize(None) + pd.Timedelta(hours=BROKER_WALLCLOCK_OFFSET_HOURS)
[2026-05-25T20:45:25.579099+00:00] cycle | {'bars_m5': 599, 'bars_h1': 249, 'bars_d1': 119, 'last_bar_time': '2026-05-25 23:40:00', 'data_age_min': 5.4, 'signal': False, 'risk_per_trade': 0.002857, 'weight': 0.142857, 'diag': {'n_m5': 599, 'n_h1': 249, 'n_d1': 119, 'bar_time': '2026-05-25 23:40:00', 'open': 17.2717, 'high': 17.27513, 'low': 17.27169, 'close': 17.272100000000002, 'volume': 91.0, 'trend_dir': -1, 'h1_trend': -1, 'd1_trend': -1, 'h1_rsi': 49.921, 'in_session': False, 'atr_ok': False, 'adx_ok': True, 'ema20': 17.273647, 'rsi': 45.55, 'atr': 0.002707, 'adx': 19.594, 'bb_up': 17.278946, 'bb_lo': 17.270692, 'f_bb': 0, 'f_ema': -1, 'f_rsi': 0, 'f_candle': 0, 'f_rsiR': -1, 'f_macd': -1, 'f_stoch': 0, 'f_vol': 0, 'signal_dir': 0}}
[2026-05-25T20:45:25.587882+00:00] heartbeat | {'uptime_s': 2.1, 'mt5_connected': True, 'mt5_trade_allowed': True, 'tracked_pendings': 0, 'open_positions': 0, 'cooldown_active': False, 'cooldown_remaining_s': 0.0, 'balance': 961.66, 'equity': 961.66}
C:\Users\Administrator\Desktop\tob\ema-h1trend\mt5\run_multi_scalper.py:142: Pandas4Warning: Timestamp.utcnow is deprecated and will be removed in a future version. Use Timestamp.now('UTC') instead.
  return pd.Timestamp.utcnow().tz_localize(None) + pd.Timedelta(hours=BROKER_WALLCLOCK_OFFSET_HOURS)
[2026-05-25T20:45:25.750840+00:00] cycle | {'bars_m5': 599, 'bars_h1': 249, 'bars_d1': 119, 'last_bar_time': '2026-05-25 23:40:00', 'data_age_min': 5.4, 'signal': False, 'risk_per_trade': 0.002857, 'weight': 0.142857, 'diag': {'n_m5': 599, 'n_h1': 249, 'n_d1': 119, 'bar_time': '2026-05-25 23:40:00', 'open': 1.86398, 'high': 1.86408, 'low': 1.86392, 'close': 1.86402, 'volume': 312.0, 'trend_dir': 1, 'h1_trend': 1, 'd1_trend': 1, 'h1_rsi': 69.463, 'in_session': False, 'atr_ok': False, 'adx_ok': True, 'ema20': 1.864022, 'rsi': 50.391, 'atr': 0.00021, 'adx': 14.434, 'bb_up': 1.864348, 'bb_lo': 1.863768, 'f_bb': 0, 'f_ema': -1, 'f_rsi': 0, 'f_candle': 0, 'f_rsiR': 0, 'f_macd': -1, 'f_stoch': 0, 'f_vol': 1, 'signal_dir': 0}}
[2026-05-25T20:45:25.754095+00:00] heartbeat | {'uptime_s': 2.2, 'mt5_connected': True, 'mt5_trade_allowed': True, 'tracked_pendings': 0, 'open_positions': 0, 'cooldown_active': False, 'cooldown_remaining_s': 0.0, 'balance': 961.66, 'equity': 961.66}
C:\Users\Administrator\Desktop\tob\ema-h1trend\mt5\run_multi_scalper.py:142: Pandas4Warning: Timestamp.utcnow is deprecated and will be removed in a future version. Use Timestamp.now('UTC') instead.
  return pd.Timestamp.utcnow().tz_localize(None) + pd.Timedelta(hours=BROKER_WALLCLOCK_OFFSET_HOURS)
[2026-05-25T20:45:27.307811+00:00] cycle | {'bars_m5': 599, 'bars_h1': 249, 'bars_d1': 119, 'last_bar_time': '2026-05-25 23:40:00', 'data_age_min': 5.5, 'signal': False, 'risk_per_trade': 0.002857, 'weight': 0.142857, 'diag': {'n_m5': 599, 'n_h1': 249, 'n_d1': 119, 'bar_time': '2026-05-25 23:40:00', 'open': 0.56704, 'high': 0.56704, 'low': 0.56698, 'close': 0.56702, 'volume': 58.0, 'trend_dir': -1, 'h1_trend': -1, 'd1_trend': -1, 'h1_rsi': 48.135, 'in_session': False, 'atr_ok': False, 'adx_ok': False, 'ema20': 0.567004, 'rsi': 51.536, 'atr': 6.9e-05, 'adx': 18.298, 'bb_up': 0.5671, 'bb_lo': 0.566871, 'f_bb': 0, 'f_ema': 1, 'f_rsi': 0, 'f_candle': 0, 'f_rsiR': 0, 'f_macd': 1, 'f_stoch': 0, 'f_vol': -1, 'signal_dir': 0}}
[2026-05-25T20:45:27.311514+00:00] heartbeat | {'uptime_s': 3.8, 'mt5_connected': True, 'mt5_trade_allowed': True, 'tracked_pendings': 0, 'open_positions': 0, 'cooldown_active': False, 'cooldown_remaining_s': 0.0, 'balance': 961.66, 'equity': 961.66}
C:\Users\Administrator\Desktop\tob\ema-h1trend\mt5\run_multi_scalper.py:142: Pandas4Warning: Timestamp.utcnow is deprecated and will be removed in a future version. Use Timestamp.now('UTC') instead.
  return pd.Timestamp.utcnow().tz_localize(None) + pd.Timedelta(hours=BROKER_WALLCLOCK_OFFSET_HOURS)
[2026-05-25T20:45:27.522488+00:00] cycle | {'bars_m5': 599, 'bars_h1': 249, 'bars_d1': 119, 'last_bar_time': '2026-05-25 23:40:00', 'data_age_min': 5.5, 'signal': False, 'risk_per_trade': 0.002857, 'weight': 0.142857, 'diag': {'n_m5': 599, 'n_h1': 249, 'n_d1': 119, 'bar_time': '2026-05-25 23:40:00', 'open': 1.60664, 'high': 1.60676, 'low': 1.60663, 'close': 1.60676, 'volume': 141.0, 'trend_dir': 1, 'h1_trend': 1, 'd1_trend': 1, 'h1_rsi': 53.278, 'in_session': False, 'atr_ok': False, 'adx_ok': True, 'ema20': 1.606704, 'rsi': 51.32, 'atr': 0.000179, 'adx': 18.1, 'bb_up': 1.60714, 'bb_lo': 1.606306, 'f_bb': 0, 'f_ema': 1, 'f_rsi': 0, 'f_candle': 0, 'f_rsiR': 0, 'f_macd': 1, 'f_stoch': 0, 'f_vol': 0, 'signal_dir': 0}}
