[Sun 06/14/2026  7:00:43.58] launching runner -
Traceback (most recent call last):
  File "<frozen runpy>", line 198, in _run_module_as_main
  File "<frozen runpy>", line 88, in _run_code
  File "C:\Users\Administrator\Desktop\tob\ema-h1trend\statarb_live\__main__.py", line 4, in <module>
    raise SystemExit(main())
                     ~~~~^^
  File "C:\Users\Administrator\Desktop\tob\ema-h1trend\statarb_live\cli.py", line 89, in main
    orch.run_forever()
    ~~~~~~~~~~~~~~~~^^
  File "C:\Users\Administrator\Desktop\tob\ema-h1trend\statarb_live\orchestrator.py", line 442, in run_forever
    time.sleep(wait)
    ~~~~~~~~~~^^^^^^
KeyboardInterrupt
03:30:49 INFO     bot_start: mode=paper broker=mt5 pairs=['CHFJPY~EURJPY', 'CADCHF~EURCAD', 'AUDJPY~EURJPY', 'AUDUSD~USDCAD', 'AUDJPY~CHFJPY', 'EURCAD~EURGBP'] strategy=nb38-phase4-frozen-2026
03:30:49 INFO     symbols_warmed_up: 21 symbols selected, 0 missing
03:30:49 INFO     [20260614T033049] cycle_start: as_of=None
03:31:40 WARNING  [20260614T033049] cycle_skipped: stale data: last bar 2026-06-12 22:00:00+03:00 is 32.5 bars behind now — not trading
03:31:40 INFO     heartbeat: sleeping 1729s until next bar
03:37:36 INFO     bot_stop: shutting down
^C