[Mon 06/15/2026 12:35:45.78] launching runner -
Traceback (most recent call last):
  File "<frozen runpy>", line 198, in _run_module_as_main
  File "<frozen runpy>", line 88, in _run_code
  File "C:\Users\Administrator\Desktop\tob\ema-h1trend\statarb_live\__main__.py", line 4, in <module>
    raise SystemExit(main())
                     ~~~~^^
  File "C:\Users\Administrator\Desktop\tob\ema-h1trend\statarb_live\cli.py", line 102, in main
    orch.run_forever()
    ~~~~~~~~~~~~~~~~^^
  File "C:\Users\Administrator\Desktop\tob\ema-h1trend\statarb_live\orchestrator.py", line 530, in run_forever
    time.sleep(wait)
    ~~~~~~~~~~^^^^^^
KeyboardInterrupt
09:05:51 INFO     bot_start: mode=paper broker=mt5 live_orders=True pairs=['CHFJPY~EURJPY', 'CADCHF~EURCAD', 'AUDJPY~EURJPY', 'AUDUSD~USDCAD', 'AUDJPY~CHFJPY', 'EURCAD~EURGBP'] strategy=nb38-phase4-frozen-2026
09:05:51 WARNING  live_orders_enabled: LIVE ORDERS ON — real market orders will be sent to the demo account (magic=29000000, comment=sal_v1)
09:05:51 INFO     symbols_warmed_up: 21 symbols selected, 0 missing
09:05:51 INFO     equity_synced: sizing on REAL account equity $100,758.13 (balance $100,795.79) — paper sim matched to it
09:05:51 INFO     [20260615T090551] cycle_start: as_of=None
09:06:51 INFO     [20260615T090551] pair_open: CADCHF~EURCAD long gross=28,296
09:06:51 INFO     [20260615T090551] pair_open: AUDUSD~USDCAD short gross=28,806
09:06:52 INFO     [20260615T090551] pair_open: EURCAD~EURGBP long gross=26,153
09:06:52 INFO     [20260615T090551] pair_open: CARRY:AUDCAD short gross=988
09:06:52 INFO     [20260615T090551] pair_open: CARRY:AUDNZD short gross=2,419
09:06:52 INFO     [20260615T090551] pair_open: CARRY:AUDUSD short gross=2,121
09:06:53 INFO     [20260615T090551] pair_open: CARRY:CADCHF long gross=1,135
09:06:53 INFO     [20260615T090551] pair_open: CARRY:EURCAD short gross=1,621
09:06:53 INFO     [20260615T090551] pair_open: CARRY:EURCHF long gross=920
09:06:53 INFO     [20260615T090551] pair_open: CARRY:EURGBP short gross=3,457
09:06:54 INFO     [20260615T090551] pair_open: CARRY:EURUSD short gross=3,480
09:06:54 INFO     [20260615T090551] pair_open: CARRY:GBPCHF long gross=2,130
09:06:54 INFO     [20260615T090551] pair_open: CARRY:GBPUSD short gross=1,342
09:06:54 INFO     [20260615T090551] pair_open: CARRY:NZDUSD short gross=1,753
09:06:55 INFO     [20260615T090551] pair_open: CARRY:USDCHF long gross=2,380
09:06:55 INFO     [20260615T090551] cycle_end: eq=100,758 open=15 +15 -0 gross=1.15x regime=calm
09:06:55 INFO     heartbeat: sleeping 3215s until next bar
09:11:01 INFO     bot_stop: shutting down
^C