[Sun 06/14/2026 20:24:31.10] launching runner -
Traceback (most recent call last):
  File "<frozen runpy>", line 198, in _run_module_as_main
  File "<frozen runpy>", line 88, in _run_code
  File "C:\Users\Administrator\Desktop\tob\ema-h1trend\statarb_live\__main__.py", line 4, in <module>
    raise SystemExit(main())
                     ~~~~^^
  File "C:\Users\Administrator\Desktop\tob\ema-h1trend\statarb_live\cli.py", line 102, in main
    orch.run_forever()
    ~~~~~~~~~~~~~~~~^^
  File "C:\Users\Administrator\Desktop\tob\ema-h1trend\statarb_live\orchestrator.py", line 506, in run_forever
    time.sleep(wait)
    ~~~~~~~~~~^^^^^^
KeyboardInterrupt
16:54:36 INFO     bot_start: mode=paper broker=mt5 live_orders=False pairs=['CHFJPY~EURJPY', 'CADCHF~EURCAD', 'AUDJPY~EURJPY', 'AUDUSD~USDCAD', 'AUDJPY~CHFJPY', 'EURCAD~EURGBP'] strategy=nb38-phase4-frozen-2026
16:54:36 INFO     symbols_warmed_up: 21 symbols selected, 0 missing
16:54:36 INFO     [20260614T165436] cycle_start: as_of=None
16:55:05 WARNING  [20260614T165436] cycle_skipped: stale data: last bar 2026-06-12 22:00:00+03:00 is 45.9 bars behind now — not trading
16:55:05 INFO     heartbeat: sleeping 325s until next bar
17:00:30 INFO     [20260614T170030] cycle_start: as_of=None
17:00:57 WARNING  [20260614T170030] cycle_skipped: stale data: last bar 2026-06-12 22:00:00+03:00 is 46.0 bars behind now — not trading
17:00:57 INFO     heartbeat: sleeping 3572s until next bar
17:12:24 INFO     bot_stop: shutting down
^C